<!DOCTYPE html><html><head><meta name="viewport" content="width=device-width, initial-scale=1.0, maximum-scale=1.0, minimum-scale=1.0, user-scalable=no"><script src="base.js"></script><script>Handlebars.templates["template"] = Handlebars.compile("foo\nbar");</script><link rel="stylesheet" href="base.css"><link rel="stylesheet" href="items.css"></head><body><h1>Header 1</h1>
<p>Bacon ipsum dolor sit amet ut esse biltong, beef ribs duis in drumstick ex leberkas turkey pork consequat dolore jerky ball tip. Shoulder pork nisi, speck cupidatat pork belly bresaola esse kielbasa in. Reprehenderit laboris mollit turducken, ut strip steak in short loin sausage enim filet mignon jowl. Exercitation anim est incididunt.

</p>
<pre><code class="lang-html">  <span class="tag">&lt;<span class="title">div</span>&gt;</span><span class="tag">&lt;/<span class="title">div</span>&gt;</span></code></pre>
<div class="style-doc-sample">  <div></div></div><pre><code class="lang-handlebars">  {{<span class="title">template</span> <span class="string">"template"</span>}}</code></pre>
<div id="handlebars-1" class="style-doc-sample"></div>
<script>document.getElementById("handlebars-1").innerHTML = Handlebars.compile("  {{template \"template\"}}")(context || {});</script></body></html>